2026-08-15T17:16:52.386765Z INFO service starting service_name=url-shortener request_id=- environment=development port=3000 log_level=info
2026-08-15T17:16:52.433970Z INFO request completed service_name=url-shortener request_id=req-verify01 method=GET path=/live
{"timestamp": "2026-08-15T17:16:52.434223Z", "level": "error", "message": "request failed", "service_name": "url-shortener", "request_id": "req-verify02", "status": 500, "stack_trace": "RuntimeError: forced observability test error"}
2026-08-15T17:16:52.441454Z INFO request received service_name=url-shortener request_id=req-4a4c5e9e method=GET path=/live
2026-08-15T17:16:52.655283Z INFO request completed service_name=url-shortener request_id=req-4a4c5e9e method=GET path=/live status=200 duration_ms=213
2026-08-15T17:16:52.658364Z INFO request received service_name=url-shortener request_id=req-f3e5243f method=GET path=/live
2026-08-15T17:16:52.661543Z INFO request completed service_name=url-shortener request_id=req-f3e5243f method=GET path=/live status=200 duration_ms=3
2026-08-15T17:16:52.662227Z INFO request received service_name=url-shortener request_id=req-4d58f193 method=GET path=/live
2026-08-15T17:16:52.663273Z INFO request completed service_name=url-shortener request_id=req-4d58f193 method=GET path=/live status=200 duration_ms=1
2026-08-15T17:16:52.663855Z INFO request received service_name=url-shortener request_id=req-52cd4122 method=GET path=/live
2026-08-15T17:16:52.664899Z INFO request completed service_name=url-shortener request_id=req-52cd4122 method=GET path=/live status=200 duration_ms=1
2026-08-15T17:16:52.665584Z INFO request received service_name=url-shortener request_id=req-ff8ae91a method=GET path=/live
2026-08-15T17:16:52.666437Z INFO request completed service_name=url-shortener request_id=req-ff8ae91a method=GET path=/live status=200 duration_ms=0
2026-08-15T17:16:52.667027Z INFO request received service_name=url-shortener request_id=req-6fbaa4b8 method=GET path=/live
2026-08-15T17:16:52.668109Z INFO request completed service_name=url-shortener request_id=req-6fbaa4b8 method=GET path=/live status=200 duration_ms=1
2026-08-15T17:16:52.668637Z INFO request received service_name=url-shortener request_id=req-4b4619e7 method=GET path=/live
2026-08-15T17:16:52.669487Z INFO request completed service_name=url-shortener request_id=req-4b4619e7 method=GET path=/live status=200 duration_ms=0
2026-08-15T17:16:52.669891Z INFO request received service_name=url-shortener request_id=req-d7c0b6b8 method=GET path=/live
2026-08-15T17:16:52.670803Z INFO request completed service_name=url-shortener request_id=req-d7c0b6b8 method=GET path=/live status=200 duration_ms=0
2026-08-15T17:16:52.671265Z INFO request received service_name=url-shortener request_id=req-e1031ec5 method=GET path=/health
2026-08-15T17:16:52.672519Z INFO request completed service_name=url-shortener request_id=req-e1031ec5 method=GET path=/health status=200 duration_ms=1
2026-08-15T17:16:52.672910Z INFO request received service_name=url-shortener request_id=req-upstream-abc method=GET path=/live
2026-08-15T17:16:52.673699Z INFO request completed service_name=url-shortener request_id=req-upstream-abc method=GET path=/live status=200 duration_ms=0
2026-08-15T17:16:52.674278Z INFO request received service_name=url-shortener request_id=req-fc01b1af method=GET path=/debug/error
2026-08-15T17:16:52.684903Z ERROR unhandled exception service_name=url-shortener request_id=req-fc01b1af method=GET path=/debug/error status=500 duration_ms=1 stack_trace=Traceback (most recent call last):
  File "C:\UPSK-Bootcamp\api\app\main.py", line 115, in structured_request_logging
    response = await call_next(request)
               ^^^^^^^^^^^^^^^^^^^^^^^^
  File "C:\UPSK-Bootcamp\api\.venv\Lib\site-packages\starlette\middleware\base.py", line 168, in call_next
    raise app_exc from app_exc.__cause__ or app_exc.__context__
  File "C:\UPSK-Bootcamp\api\.venv\Lib\site-packages\starlette\middleware\base.py", line 144, in coro
    await self.app(scope, receive_or_disconnect, send_no_error)
  File "C:\UPSK-Bootcamp\api\.venv\Lib\site-packages\starlette\middleware\exceptions.py", line 63, in __call__
    await wrap_app_handling_exceptions(self.app, conn)(scope, receive, send)
  File "C:\UPSK-Bootcamp\api\.venv\Lib\site-packages\starlette\_exception_handler.py", line 53, in wrapped_app
    raise exc
  File "C:\UPSK-Bootcamp\api\.venv\Lib\site-packages\starlette\_exception_handler.py", line 42, in wrapped_app
    await app(scope, receive, sender)
  File "C:\UPSK-Bootcamp\api\.venv\Lib\site-packages\fastapi\middleware\asyncexitstack.py", line 18, in __call__
    await self.app(scope, receive, send)
  File "C:\UPSK-Bootcamp\api\.venv\Lib\site-packages\starlette\routing.py", line 660, in __call__
    await self.middleware_stack(scope, receive, send)
  File "C:\UPSK-Bootcamp\api\.venv\Lib\site-packages\fastapi\routing.py", line 2734, in app
    await route.handle(scope, receive, send)
  File "C:\UPSK-Bootcamp\api\.venv\Lib\site-packages\fastapi\routing.py", line 1281, in handle
    await super().handle(scope, receive, send)
  File "C:\UPSK-Bootcamp\api\.venv\Lib\site-packages\starlette\routing.py", line 276, in handle
    await self.app(scope, receive, send)
  File "C:\UPSK-Bootcamp\api\.venv\Lib\site-packages\fastapi\routing.py", line 158, in app
    await wrap_app_handling_exceptions(app, request)(scope, receive, send)
  File "C:\UPSK-Bootcamp\api\.venv\Lib\site-packages\starlette\_exception_handler.py", line 53, in wrapped_app
    raise exc
  File "C:\UPSK-Bootcamp\api\.venv\Lib\site-packages\starlette\_exception_handler.py", line 42, in wrapped_app
    await app(scope, receive, sender)
  File "C:\UPSK-Bootcamp\api\.venv\Lib\site-packages\fastapi\routing.py", line 144, in app
    response = await f(request)
               ^^^^^^^^^^^^^^^^
  File "C:\UPSK-Bootcamp\api\.venv\Lib\site-packages\fastapi\routing.py", line 706, in app
    raw_response = await run_endpoint_function(
                   ^^^^^^^^^^^^^^^^^^^^^^^^^^^^
    ...<3 lines>...
    )
    ^
  File "C:\UPSK-Bootcamp\api\.venv\Lib\site-packages\fastapi\routing.py", line 354, in run_endpoint_function
    return await run_in_threadpool(dependant.call, **values)
           ^^^^^^^^^^^^^^^^^^^^^^^^^^^^^^^^^^^^^^^^^^^^^^^^^
  File "C:\UPSK-Bootcamp\api\.venv\Lib\site-packages\starlette\concurrency.py", line 34, in run_in_threadpool
    return await anyio.to_thread.run_sync(func)
           ^^^^^^^^^^^^^^^^^^^^^^^^^^^^^^^^^^^^
  File "C:\UPSK-Bootcamp\api\.venv\Lib\site-packages\anyio\to_thread.py", line 65, in run_sync
    return await get_async_backend().run_sync_in_worker_thread(
           ^^^^^^^^^^^^^^^^^^^^^^^^^^^^^^^^^^^^^^^^^^^^^^^^^^^^
        func, args, abandon_on_cancel=abandon_on_cancel, limiter=limiter
        ^^^^^^^^^^^^^^^^^^^^^^^^^^^^^^^^^^^^^^^^^^^^^^^^^^^^^^^^^^^^^^^^
    )
    ^
  File "C:\UPSK-Bootcamp\api\.venv\Lib\site-packages\anyio\_backends\_asyncio.py", line 2641, in run_sync_in_worker_thread
    return await future
           ^^^^^^^^^^^^
  File "C:\UPSK-Bootcamp\api\.venv\Lib\site-packages\anyio\_backends\_asyncio.py", line 1033, in run
    result = context.run(func, *args)
  File "C:\UPSK-Bootcamp\api\app\main.py", line 246, in debug_error
    raise RuntimeError("forced observability test error")
RuntimeError: forced observability test error
2026-08-15T17:16:52.685559Z INFO request received service_name=url-shortener request_id=req-7ac367da method=GET path=/metrics
2026-08-15T17:16:52.735523Z INFO request completed service_name=url-shortener request_id=req-7ac367da method=GET path=/metrics status=200 duration_ms=49
